-- Found ament_cmake: 1.3.14 (/opt/ros/humble/share/ament_cmake/cmake)
-- Found rclcpp: 16.0.19 (/opt/ros/humble/share/rclcpp/cmake)
-- Found rosidl_generator_c: 3.1.8 (/opt/ros/humble/share/rosidl_generator_c/cmake)
-- Found rosidl_adapter: 3.1.8 (/opt/ros/humble/share/rosidl_adapter/cmake)
-- Found rosidl_generator_cpp: 3.1.8 (/opt/ros/humble/share/rosidl_generator_cpp/cmake)
-- Using all available rosidl_typesupport_c: rosidl_typesupport_fastrtps_c;rosidl_typesupport_introspection_c
-- Using all available rosidl_typesupport_cpp: rosidl_typesupport_fastrtps_cpp;rosidl_typesupport_introspection_cpp
-- Found rmw_implementation_cmake: 6.1.2 (/opt/ros/humble/share/rmw_implementation_cmake/cmake)
-- Found rmw_fastrtps_cpp: 6.2.10 (/opt/ros/humble/share/rmw_fastrtps_cpp/cmake)
-- Using RMW implementation 'rmw_fastrtps_cpp' as default
-- Found sensor_msgs: 4.9.1 (/opt/ros/humble/share/sensor_msgs/cmake)
-- Found gazebo_ros_pkgs: 3.9.0 (/opt/ros/humble/share/gazebo_ros_pkgs/cmake)
-- Configuring done (10.8s)
-- Generating done (0.0s)
-- Build files have been written to: /home/feiniao/c3/build/lidar_robot
[ 25%] [32mBuilding CXX object CMakeFiles/mmwave_radar_node.dir/src/mmwave_radar_node.cpp.o[0m
[ 50%] [32mBuilding CXX object CMakeFiles/lidar_depth_node.dir/src/lidar_depth_node.cpp.o[0m
[ 75%] [1m[32mLinking CXX executable lidar_depth_node[0m
[ 75%] Built target lidar_depth_node
[100%] [1m[32mLinking CXX executable mmwave_radar_node[0m
[100%] Built target mmwave_radar_node
-- Install configuration: ""
-- Installing: /home/feiniao/c3/install/lidar_robot/lib/lidar_robot/lidar_depth_node
-- Set non-toolchain portion of runtime path of "/home/feiniao/c3/install/lidar_robot/lib/lidar_robot/lidar_depth_node" to ""
-- Installing: /home/feiniao/c3/install/lidar_robot/lib/lidar_robot/mmwave_radar_node
-- Set non-toolchain portion of runtime path of "/home/feiniao/c3/install/lidar_robot/lib/lidar_robot/mmwave_radar_node" to ""
-- Up-to-date: /home/feiniao/c3/install/lidar_robot/share/lidar_robot/urdf
-- Up-to-date: /home/feiniao/c3/install/lidar_robot/share/lidar_robot/urdf/robot.urdf.xacro
-- Up-to-date: /home/feiniao/c3/install/lidar_robot/share/lidar_robot/urdf/plugins
-- Up-to-date: /home/feiniao/c3/install/lidar_robot/share/lidar_robot/urdf/plugins/gazebo_laser_plugin.xacro
-- Installing: /home/feiniao/c3/install/lidar_robot/share/lidar_robot/urdf/robot.urdf
-- Up-to-date: /home/feiniao/c3/install/lidar_robot/share/lidar_robot/launch
-- Installing: /home/feiniao/c3/install/lidar_robot/share/lidar_robot/launch/sim.launch.py
-- Up-to-date: /home/feiniao/c3/install/lidar_robot/share/ament_index/resource_index/package_run_dependencies/lidar_robot
-- Up-to-date: /home/feiniao/c3/install/lidar_robot/share/ament_index/resource_index/parent_prefix_path/lidar_robot
-- Up-to-date: /home/feiniao/c3/install/lidar_robot/share/lidar_robot/environment/ament_prefix_path.sh
-- Installing: /home/feiniao/c3/install/lidar_robot/share/lidar_robot/environment/ament_prefix_path.dsv
-- Up-to-date: /home/feiniao/c3/install/lidar_robot/share/lidar_robot/environment/path.sh
-- Installing: /home/feiniao/c3/install/lidar_robot/share/lidar_robot/environment/path.dsv
-- Up-to-date: /home/feiniao/c3/install/lidar_robot/share/lidar_robot/local_setup.bash
-- Up-to-date: /home/feiniao/c3/install/lidar_robot/share/lidar_robot/local_setup.sh
-- Up-to-date: /home/feiniao/c3/install/lidar_robot/share/lidar_robot/local_setup.zsh
-- Installing: /home/feiniao/c3/install/lidar_robot/share/lidar_robot/local_setup.dsv
-- Installing: /home/feiniao/c3/install/lidar_robot/share/lidar_robot/package.dsv
-- Up-to-date: /home/feiniao/c3/install/lidar_robot/share/ament_index/resource_index/packages/lidar_robot
-- Up-to-date: /home/feiniao/c3/install/lidar_robot/share/lidar_robot/cmake/lidar_robotConfig.cmake
-- Up-to-date: /home/feiniao/c3/install/lidar_robot/share/lidar_robot/cmake/lidar_robotConfig-version.cmake
-- Up-to-date: /home/feiniao/c3/install/lidar_robot/share/lidar_robot/package.xml
