[0.029s] Invoking command in '/home/feiniao/c3/build/lidar_robot': CMAKE_PREFIX_PATH=/opt/ros/humble /usr/bin/cmake /home/feiniao/c3/src/lidar_robot -DCMAKE_INSTALL_PREFIX=/home/feiniao/c3/install/lidar_robot
[0.107s] [0mCMake Deprecation Warning at CMakeLists.txt:1 (cmake_minimum_required):
[0.107s]   Compatibility with CMake < 3.10 will be removed from a future version of
[0.107s]   CMake.
[0.107s] 
[0.108s]   Update the VERSION argument <min> value.  Or, use the <min>...<max> syntax
[0.108s]   to tell CMake that the project requires at least <min> but has been updated
[0.108s]   to work with policies introduced by <max> or earlier.
[0.108s] 
[0.108s] [0m
[0.472s] -- The C compiler identification is GNU 11.4.0
[1.333s] -- The CXX compiler identification is GNU 11.4.0
[1.915s] -- Detecting C compiler ABI info
[2.170s] -- Detecting C compiler ABI info - done
[2.195s] -- Check for working C compiler: /usr/bin/cc - skipped
[2.196s] -- Detecting C compile features
[2.197s] -- Detecting C compile features - done
[2.229s] -- Detecting CXX compiler ABI info
[2.469s] -- Detecting CXX compiler ABI info - done
[2.495s] -- Check for working CXX compiler: /usr/bin/c++ - skipped
[2.495s] -- Detecting CXX compile features
[2.496s] -- Detecting CXX compile features - done
[2.547s] -- Found ament_cmake: 1.3.14 (/opt/ros/humble/share/ament_cmake/cmake)
[2.790s] -- Found Python3: /usr/bin/python3 (found version "3.10.12") found components: Interpreter
[3.001s] -- Found rclcpp: 16.0.19 (/opt/ros/humble/share/rclcpp/cmake)
[3.402s] -- Found rosidl_generator_c: 3.1.8 (/opt/ros/humble/share/rosidl_generator_c/cmake)
[3.417s] -- Found rosidl_adapter: 3.1.8 (/opt/ros/humble/share/rosidl_adapter/cmake)
[3.445s] -- Found rosidl_generator_cpp: 3.1.8 (/opt/ros/humble/share/rosidl_generator_cpp/cmake)
[3.488s] -- Using all available rosidl_typesupport_c: rosidl_typesupport_fastrtps_c;rosidl_typesupport_introspection_c
[3.535s] -- Using all available rosidl_typesupport_cpp: rosidl_typesupport_fastrtps_cpp;rosidl_typesupport_introspection_cpp
[3.670s] -- Found rmw_implementation_cmake: 6.1.2 (/opt/ros/humble/share/rmw_implementation_cmake/cmake)
[3.679s] -- Found rmw_fastrtps_cpp: 6.2.10 (/opt/ros/humble/share/rmw_fastrtps_cpp/cmake)
[6.102s] -- Found OpenSSL: /usr/lib/x86_64-linux-gnu/libcrypto.so (found version "3.0.2")
[8.881s] -- Found FastRTPS: /opt/ros/humble/include
[13.789s] -- Using RMW implementation 'rmw_fastrtps_cpp' as default
[13.817s] -- Performing Test CMAKE_HAVE_LIBC_PTHREAD
[14.078s] -- Performing Test CMAKE_HAVE_LIBC_PTHREAD - Success
[14.080s] -- Found Threads: TRUE
[14.243s] -- Found sensor_msgs: 4.9.1 (/opt/ros/humble/share/sensor_msgs/cmake)
[14.344s] -- Found urdf: 2.6.1 (/opt/ros/humble/share/urdf/cmake)
[16.718s] -- Found xacro: 2.1.1 (/opt/ros/humble/share/xacro/cmake)
[18.673s] [31mCMake Error at CMakeLists.txt:15 (find_package):
[18.673s]   By not providing "Findgazebo_ros_pkgs.cmake" in CMAKE_MODULE_PATH this
[18.673s]   project has asked CMake to find a package configuration file provided by
[18.673s]   "gazebo_ros_pkgs", but CMake did not find one.
[18.673s] 
[18.673s]   Could not find a package configuration file provided by "gazebo_ros_pkgs"
[18.673s]   with any of the following names:
[18.673s] 
[18.673s]     gazebo_ros_pkgs.cps
[18.673s]     gazebo_ros_pkgsConfig.cmake
[18.673s]     gazebo_ros_pkgs-config.cmake
[18.673s] 
[18.673s]   Add the installation prefix of "gazebo_ros_pkgs" to CMAKE_PREFIX_PATH or
[18.674s]   set "gazebo_ros_pkgs_DIR" to a directory containing one of the above files.
[18.674s]   If "gazebo_ros_pkgs" provides a separate development package or SDK, be
[18.674s]   sure it has been installed.
[18.674s] 
[18.674s] [0m
[18.675s] -- Configuring incomplete, errors occurred!
[18.695s] Invoked command in '/home/feiniao/c3/build/lidar_robot' returned '1': CMAKE_PREFIX_PATH=/opt/ros/humble /usr/bin/cmake /home/feiniao/c3/src/lidar_robot -DCMAKE_INSTALL_PREFIX=/home/feiniao/c3/install/lidar_robot
