[0.011s] Invoking command in '/home/hu/usv_ws/build/usv_bringup': CMAKE_PREFIX_PATH=/opt/ros/humble /usr/bin/cmake --build /home/hu/usv_ws/build/usv_bringup -- -j24 -l24
[0.078s] Invoked command in '/home/hu/usv_ws/build/usv_bringup' returned '0': CMAKE_PREFIX_PATH=/opt/ros/humble /usr/bin/cmake --build /home/hu/usv_ws/build/usv_bringup -- -j24 -l24
[0.081s] Invoking command in '/home/hu/usv_ws/build/usv_bringup': CMAKE_PREFIX_PATH=/opt/ros/humble /usr/bin/cmake --install /home/hu/usv_ws/build/usv_bringup
[0.088s] -- Install configuration: ""
[0.088s] -- Execute custom install script
[0.088s] -- Up-to-date symlink: /home/hu/usv_ws/install/usv_bringup/share/usv_bringup/launch/sim.launch.py
[0.088s] -- Up-to-date symlink: /home/hu/usv_ws/install/usv_bringup/share/usv_bringup/worlds/ocean_fog.world
[0.089s] -- Up-to-date symlink: /home/hu/usv_ws/install/usv_bringup/share/ament_index/resource_index/package_run_dependencies/usv_bringup
[0.089s] -- Up-to-date symlink: /home/hu/usv_ws/install/usv_bringup/share/ament_index/resource_index/parent_prefix_path/usv_bringup
[0.089s] -- Up-to-date symlink: /home/hu/usv_ws/install/usv_bringup/share/usv_bringup/environment/ament_prefix_path.sh
[0.089s] -- Up-to-date symlink: /home/hu/usv_ws/install/usv_bringup/share/usv_bringup/environment/ament_prefix_path.dsv
[0.089s] -- Up-to-date symlink: /home/hu/usv_ws/install/usv_bringup/share/usv_bringup/environment/path.sh
[0.090s] -- Up-to-date symlink: /home/hu/usv_ws/install/usv_bringup/share/usv_bringup/environment/path.dsv
[0.090s] -- Up-to-date symlink: /home/hu/usv_ws/install/usv_bringup/share/usv_bringup/local_setup.bash
[0.090s] -- Up-to-date symlink: /home/hu/usv_ws/install/usv_bringup/share/usv_bringup/local_setup.sh
[0.090s] -- Up-to-date symlink: /home/hu/usv_ws/install/usv_bringup/share/usv_bringup/local_setup.zsh
[0.091s] -- Up-to-date symlink: /home/hu/usv_ws/install/usv_bringup/share/usv_bringup/local_setup.dsv
[0.091s] -- Symlinking: /home/hu/usv_ws/install/usv_bringup/share/usv_bringup/package.dsv
[0.096s] -- Up-to-date symlink: /home/hu/usv_ws/install/usv_bringup/share/ament_index/resource_index/packages/usv_bringup
[0.096s] -- Up-to-date symlink: /home/hu/usv_ws/install/usv_bringup/share/usv_bringup/cmake/usv_bringupConfig.cmake
[0.096s] -- Up-to-date symlink: /home/hu/usv_ws/install/usv_bringup/share/usv_bringup/cmake/usv_bringupConfig-version.cmake
[0.096s] -- Up-to-date symlink: /home/hu/usv_ws/install/usv_bringup/share/usv_bringup/package.xml
[0.117s] Invoked command in '/home/hu/usv_ws/build/usv_bringup' returned '0': CMAKE_PREFIX_PATH=/opt/ros/humble /usr/bin/cmake --install /home/hu/usv_ws/build/usv_bringup
