[0.006s] Invoking command in '/home/hu/usv_ws/build/usv_bringup': AMENT_PREFIX_PATH=/home/hu/usv_ws/install/usv_description:${AMENT_PREFIX_PATH} CMAKE_PREFIX_PATH=/home/hu/usv_ws/install/usv_description:/opt/ros/humble /usr/bin/cmake --build /home/hu/usv_ws/build/usv_bringup -- -j24 -l24
[0.024s] -- Found ament_cmake: 1.3.14 (/opt/ros/humble/share/ament_cmake/cmake)
[0.093s] -- Override CMake install command with custom implementation using symlinks instead of copying resources
[0.097s] -- Found gazebo_ros: 3.9.0 (/opt/ros/humble/share/gazebo_ros/cmake)
[0.130s] -- Found rosidl_generator_c: 3.1.8 (/opt/ros/humble/share/rosidl_generator_c/cmake)
[0.132s] -- Found rosidl_adapter: 3.1.8 (/opt/ros/humble/share/rosidl_adapter/cmake)
[0.139s] -- Found rosidl_generator_cpp: 3.1.8 (/opt/ros/humble/share/rosidl_generator_cpp/cmake)
[0.147s] -- Using all available rosidl_typesupport_c: rosidl_typesupport_fastrtps_c;rosidl_typesupport_introspection_c
[0.157s] -- Using all available rosidl_typesupport_cpp: rosidl_typesupport_fastrtps_cpp;rosidl_typesupport_introspection_cpp
[0.188s] -- Found rmw_implementation_cmake: 6.1.2 (/opt/ros/humble/share/rmw_implementation_cmake/cmake)
[0.189s] -- Found rmw_fastrtps_cpp: 6.2.10 (/opt/ros/humble/share/rmw_fastrtps_cpp/cmake)
[0.260s] -- Using RMW implementation 'rmw_fastrtps_cpp' as default
[0.336s] -- Found DART: /usr/include (Required is at least version "6.6") found components: dart 
[0.367s] -- Found Protobuf: /usr/lib/x86_64-linux-gnu/libprotobuf.so (found version "3.12.4") 
[0.370s] -- Looking for ignition-math6 -- found version 6.15.1
[0.377s] -- Searching for dependencies of ignition-math6
[0.379s] -- Looking for OGRE...
[0.383s] -- Found Ogre Ghadamon (1.9.0)
[0.383s] -- Found OGRE: optimized;/usr/lib/x86_64-linux-gnu/libOgreMain.so;debug;/usr/lib/x86_64-linux-gnu/libOgreMain.so
[0.389s] -- Looking for OGRE_Paging...
[0.389s] -- Found OGRE_Paging: optimized;/usr/lib/x86_64-linux-gnu/libOgrePaging.so;debug;/usr/lib/x86_64-linux-gnu/libOgrePaging.so
[0.389s] -- Looking for OGRE_Terrain...
[0.389s] -- Found OGRE_Terrain: optimized;/usr/lib/x86_64-linux-gnu/libOgreTerrain.so;debug;/usr/lib/x86_64-linux-gnu/libOgreTerrain.so
[0.389s] -- Looking for OGRE_Property...
[0.389s] -- Found OGRE_Property: optimized;/usr/lib/x86_64-linux-gnu/libOgreProperty.so;debug;/usr/lib/x86_64-linux-gnu/libOgreProperty.so
[0.389s] -- Looking for OGRE_RTShaderSystem...
[0.389s] -- Found OGRE_RTShaderSystem: optimized;/usr/lib/x86_64-linux-gnu/libOgreRTShaderSystem.so;debug;/usr/lib/x86_64-linux-gnu/libOgreRTShaderSystem.so
[0.389s] -- Looking for OGRE_Volume...
[0.389s] -- Found OGRE_Volume: optimized;/usr/lib/x86_64-linux-gnu/libOgreVolume.so;debug;/usr/lib/x86_64-linux-gnu/libOgreVolume.so
[0.389s] -- Looking for OGRE_Overlay...
[0.389s] -- Found OGRE_Overlay: optimized;/usr/lib/x86_64-linux-gnu/libOgreOverlay.so;debug;/usr/lib/x86_64-linux-gnu/libOgreOverlay.so
[0.436s] -- Looking for ignition-math6 -- found version 6.15.1
[0.437s] -- Looking for ignition-transport8 -- found version 8.2.1
[0.437s] -- Searching for dependencies of ignition-transport8
[0.447s] -- Found Protobuf: /usr/lib/x86_64-linux-gnu/libprotobuf.so (found suitable version "3.12.4", minimum required is "3") 
[0.452s] -- Config-file not installed for ZeroMQ -- checking for pkg-config
[0.455s] -- Checking for module 'libzmq >= 4'
[0.466s] --   Found libzmq , version 4.3.4
[0.495s] -- Checking for module 'uuid'
[0.503s] --   Found uuid, version 2.37.2
[0.526s] -- Looking for ignition-msgs5 -- found version 5.8.1
[0.526s] -- Searching for dependencies of ignition-msgs5
[0.541s] -- Looking for ignition-math6 -- found version 6.15.1
[0.544s] -- Checking for module 'tinyxml2'
[0.553s] --   Found tinyxml2, version 9.0.0
[0.576s] -- Looking for ignition-msgs5 -- found version 5.8.1
[0.577s] -- Looking for ignition-common3 -- found version 3.14.0
[0.577s] -- Searching for dependencies of ignition-common3
[0.578s] -- Looking for dlfcn.h - found
[0.578s] -- Looking for libdl - found
[0.585s] -- Searching for <ignition-common3> component [graphics]
[0.586s] -- Looking for ignition-common3-graphics -- found version 3.14.0
[0.586s] -- Searching for dependencies of ignition-common3-graphics
[0.586s] -- Looking for ignition-math6 -- found version 6.15.1
[0.588s] -- Looking for ignition-fuel_tools4 -- found version 4.4.0
[0.588s] -- Searching for dependencies of ignition-fuel_tools4
[0.614s] -- Checking for module 'jsoncpp'
[0.623s] --   Found jsoncpp, version 1.9.5
[0.650s] -- Checking for module 'libzip'
[0.659s] --   Found libzip, version 1.7.3
[0.681s] -- Looking for ignition-common3 -- found version 3.14.0
[0.681s] -- Looking for ignition-math6 -- found version 6.15.1
[0.682s] -- Looking for ignition-msgs5 -- found version 5.8.1
[0.684s] -- Gazebo version: 11.10
[0.686s] -- Found ament_lint_auto: 0.12.15 (/opt/ros/humble/share/ament_lint_auto/cmake)
[0.738s] -- Added test 'flake8' to check Python code syntax and style conventions
[0.738s] -- Added test 'lint_cmake' to check CMake code style
[0.739s] -- Added test 'pep257' to check Python code against some of the docstring style conventions in PEP 257
[0.739s] -- Added test 'xmllint' to check XML markup files
[0.740s] -- Configuring done
[0.743s] -- Generating done
[0.745s] -- Build files have been written to: /home/hu/usv_ws/build/usv_bringup
[0.761s] Invoked command in '/home/hu/usv_ws/build/usv_bringup' returned '0': AMENT_PREFIX_PATH=/home/hu/usv_ws/install/usv_description:${AMENT_PREFIX_PATH} CMAKE_PREFIX_PATH=/home/hu/usv_ws/install/usv_description:/opt/ros/humble /usr/bin/cmake --build /home/hu/usv_ws/build/usv_bringup -- -j24 -l24
[0.762s] Invoking command in '/home/hu/usv_ws/build/usv_bringup': AMENT_PREFIX_PATH=/home/hu/usv_ws/install/usv_description:${AMENT_PREFIX_PATH} CMAKE_PREFIX_PATH=/home/hu/usv_ws/install/usv_description:/opt/ros/humble /usr/bin/cmake --install /home/hu/usv_ws/build/usv_bringup
[0.768s] -- Install configuration: ""
[0.769s] -- Execute custom install script
[0.769s] -- Up-to-date symlink: /home/hu/usv_ws/install/usv_bringup/share/usv_bringup/launch/sim.launch.py
[0.769s] -- Up-to-date symlink: /home/hu/usv_ws/install/usv_bringup/share/usv_bringup/worlds/ocean_fog.world
[0.769s] -- Up-to-date symlink: /home/hu/usv_ws/install/usv_bringup/share/ament_index/resource_index/package_run_dependencies/usv_bringup
[0.769s] -- Up-to-date symlink: /home/hu/usv_ws/install/usv_bringup/share/ament_index/resource_index/parent_prefix_path/usv_bringup
[0.769s] -- Up-to-date symlink: /home/hu/usv_ws/install/usv_bringup/share/usv_bringup/environment/ament_prefix_path.sh
[0.769s] -- Up-to-date symlink: /home/hu/usv_ws/install/usv_bringup/share/usv_bringup/environment/ament_prefix_path.dsv
[0.769s] -- Up-to-date symlink: /home/hu/usv_ws/install/usv_bringup/share/usv_bringup/environment/path.sh
[0.769s] -- Up-to-date symlink: /home/hu/usv_ws/install/usv_bringup/share/usv_bringup/environment/path.dsv
[0.770s] -- Up-to-date symlink: /home/hu/usv_ws/install/usv_bringup/share/usv_bringup/local_setup.bash
[0.770s] -- Up-to-date symlink: /home/hu/usv_ws/install/usv_bringup/share/usv_bringup/local_setup.sh
[0.770s] -- Up-to-date symlink: /home/hu/usv_ws/install/usv_bringup/share/usv_bringup/local_setup.zsh
[0.770s] -- Up-to-date symlink: /home/hu/usv_ws/install/usv_bringup/share/usv_bringup/local_setup.dsv
[0.770s] -- Symlinking: /home/hu/usv_ws/install/usv_bringup/share/usv_bringup/package.dsv
[0.775s] -- Up-to-date symlink: /home/hu/usv_ws/install/usv_bringup/share/ament_index/resource_index/packages/usv_bringup
[0.775s] -- Up-to-date symlink: /home/hu/usv_ws/install/usv_bringup/share/usv_bringup/cmake/usv_bringupConfig.cmake
[0.775s] -- Up-to-date symlink: /home/hu/usv_ws/install/usv_bringup/share/usv_bringup/cmake/usv_bringupConfig-version.cmake
[0.775s] -- Up-to-date symlink: /home/hu/usv_ws/install/usv_bringup/share/usv_bringup/package.xml
[0.776s] Invoked command in '/home/hu/usv_ws/build/usv_bringup' returned '0': AMENT_PREFIX_PATH=/home/hu/usv_ws/install/usv_description:${AMENT_PREFIX_PATH} CMAKE_PREFIX_PATH=/home/hu/usv_ws/install/usv_description:/opt/ros/humble /usr/bin/cmake --install /home/hu/usv_ws/build/usv_bringup
