[0.005s] Invoking command in '/home/hu/usv_ws/build/usv_bringup': AMENT_PREFIX_PATH=/home/hu/usv_ws/install/usv_description:${AMENT_PREFIX_PATH} CMAKE_PREFIX_PATH=/home/hu/usv_ws/install/usv_description:/opt/ros/humble /usr/bin/cmake --build /home/hu/usv_ws/build/usv_bringup -- -j24 -l24
[0.029s] Invoked command in '/home/hu/usv_ws/build/usv_bringup' returned '0': AMENT_PREFIX_PATH=/home/hu/usv_ws/install/usv_description:${AMENT_PREFIX_PATH} CMAKE_PREFIX_PATH=/home/hu/usv_ws/install/usv_description:/opt/ros/humble /usr/bin/cmake --build /home/hu/usv_ws/build/usv_bringup -- -j24 -l24
[0.029s] Invoking command in '/home/hu/usv_ws/build/usv_bringup': AMENT_PREFIX_PATH=/home/hu/usv_ws/install/usv_description:${AMENT_PREFIX_PATH} CMAKE_PREFIX_PATH=/home/hu/usv_ws/install/usv_description:/opt/ros/humble /usr/bin/cmake --install /home/hu/usv_ws/build/usv_bringup
[0.034s] -- Install configuration: ""
[0.034s] -- Execute custom install script
[0.034s] -- Up-to-date symlink: /home/hu/usv_ws/install/usv_bringup/share/usv_bringup/launch/sim.launch.py
[0.034s] -- Up-to-date symlink: /home/hu/usv_ws/install/usv_bringup/share/usv_bringup/worlds/ocean_fog.world
[0.034s] -- Up-to-date symlink: /home/hu/usv_ws/install/usv_bringup/share/ament_index/resource_index/package_run_dependencies/usv_bringup
[0.034s] -- Up-to-date symlink: /home/hu/usv_ws/install/usv_bringup/share/ament_index/resource_index/parent_prefix_path/usv_bringup
[0.034s] -- Up-to-date symlink: /home/hu/usv_ws/install/usv_bringup/share/usv_bringup/environment/ament_prefix_path.sh
[0.034s] -- Up-to-date symlink: /home/hu/usv_ws/install/usv_bringup/share/usv_bringup/environment/ament_prefix_path.dsv
[0.034s] -- Up-to-date symlink: /home/hu/usv_ws/install/usv_bringup/share/usv_bringup/environment/path.sh
[0.034s] -- Up-to-date symlink: /home/hu/usv_ws/install/usv_bringup/share/usv_bringup/environment/path.dsv
[0.034s] -- Up-to-date symlink: /home/hu/usv_ws/install/usv_bringup/share/usv_bringup/local_setup.bash
[0.034s] -- Up-to-date symlink: /home/hu/usv_ws/install/usv_bringup/share/usv_bringup/local_setup.sh
[0.034s] -- Up-to-date symlink: /home/hu/usv_ws/install/usv_bringup/share/usv_bringup/local_setup.zsh
[0.034s] -- Up-to-date symlink: /home/hu/usv_ws/install/usv_bringup/share/usv_bringup/local_setup.dsv
[0.035s] -- Symlinking: /home/hu/usv_ws/install/usv_bringup/share/usv_bringup/package.dsv
[0.039s] -- Up-to-date symlink: /home/hu/usv_ws/install/usv_bringup/share/ament_index/resource_index/packages/usv_bringup
[0.039s] -- Up-to-date symlink: /home/hu/usv_ws/install/usv_bringup/share/usv_bringup/cmake/usv_bringupConfig.cmake
[0.039s] -- Up-to-date symlink: /home/hu/usv_ws/install/usv_bringup/share/usv_bringup/cmake/usv_bringupConfig-version.cmake
[0.039s] -- Up-to-date symlink: /home/hu/usv_ws/install/usv_bringup/share/usv_bringup/package.xml
[0.040s] Invoked command in '/home/hu/usv_ws/build/usv_bringup' returned '0': AMENT_PREFIX_PATH=/home/hu/usv_ws/install/usv_description:${AMENT_PREFIX_PATH} CMAKE_PREFIX_PATH=/home/hu/usv_ws/install/usv_description:/opt/ros/humble /usr/bin/cmake --install /home/hu/usv_ws/build/usv_bringup
