[0.721s] DEBUG:colcon:Command line arguments: ['/usr/bin/colcon', 'build', '--packages-select', 'lidar_robot']
[0.721s] DEBUG:colcon:Parsed command line arguments: Namespace(log_base=None, log_level=None, verb_name='build', build_base='build', install_base='install', merge_install=False, symlink_install=False, test_result_base=None, continue_on_error=False, executor='parallel', parallel_workers=32, event_handlers=None, ignore_user_meta=False, metas=['./colcon.meta'], base_paths=['.'], packages_ignore=None, packages_ignore_regex=None, paths=None, packages_up_to=None, packages_up_to_regex=None, packages_above=None, packages_above_and_dependencies=None, packages_above_depth=None, packages_select_by_dep=None, packages_skip_by_dep=None, packages_skip_up_to=None, packages_select_build_failed=False, packages_skip_build_finished=False, packages_select_test_failures=False, packages_skip_test_passed=False, packages_select=['lidar_robot'], packages_skip=None, packages_select_regex=None, packages_skip_regex=None, packages_start=None, packages_end=None, allow_overriding=[], cmake_args=None, cmake_target=None, cmake_target_skip_unavailable=False, cmake_clean_cache=False, cmake_clean_first=False, cmake_force_configure=False, ament_cmake_args=None, catkin_cmake_args=None, catkin_skip_building_tests=False, mixin_files=None, mixin=None, verb_parser=<colcon_mixin.mixin.mixin_argument.MixinArgumentDecorator object at 0x7cce6a031900>, verb_extension=<colcon_core.verb.build.BuildVerb object at 0x7cce6a0312a0>, main=<bound method BuildVerb.main of <colcon_core.verb.build.BuildVerb object at 0x7cce6a0312a0>>, mixin_verb=('build',))
[1.208s] Level 1:colcon.colcon_core.package_discovery:discover_packages(colcon_meta) check parameters
[1.208s] Level 1:colcon.colcon_core.package_discovery:discover_packages(recursive) check parameters
[1.208s] Level 1:colcon.colcon_core.package_discovery:discover_packages(ignore) check parameters
[1.208s] Level 1:colcon.colcon_core.package_discovery:discover_packages(path) check parameters
[1.208s] Level 1:colcon.colcon_core.package_discovery:discover_packages(colcon_meta) discover
[1.209s] Level 1:colcon.colcon_core.package_discovery:discover_packages(recursive) discover
[1.209s] INFO:colcon.colcon_core.package_discovery:Crawling recursively for packages in '/home/feiniao/c3'
[1.209s] Level 1:colcon.colcon_core.package_identification:_identify(.) by extensions ['ignore', 'ignore_ament_install']
[1.209s] Level 1:colcon.colcon_core.package_identification:_identify(.) by extension 'ignore'
[1.209s] Level 1:colcon.colcon_core.package_identification:_identify(.) by extension 'ignore_ament_install'
[1.210s] Level 1:colcon.colcon_core.package_identification:_identify(.) by extensions ['colcon_pkg']
[1.210s] Level 1:colcon.colcon_core.package_identification:_identify(.) by extension 'colcon_pkg'
[1.210s] Level 1:colcon.colcon_core.package_identification:_identify(.) by extensions ['colcon_meta']
[1.210s] Level 1:colcon.colcon_core.package_identification:_identify(.) by extension 'colcon_meta'
[1.210s] Level 1:colcon.colcon_core.package_identification:_identify(.) by extensions ['ros']
[1.210s] Level 1:colcon.colcon_core.package_identification:_identify(.) by extension 'ros'
[1.235s] Level 1:colcon.colcon_core.package_identification:_identify(.) by extensions ['cmake', 'python']
[1.235s] Level 1:colcon.colcon_core.package_identification:_identify(.) by extension 'cmake'
[1.235s] Level 1:colcon.colcon_core.package_identification:_identify(.) by extension 'python'
[1.235s] Level 1:colcon.colcon_core.package_identification:_identify(.) by extensions ['python_setup_py']
[1.235s] Level 1:colcon.colcon_core.package_identification:_identify(.) by extension 'python_setup_py'
[1.235s] Level 1:colcon.colcon_core.package_identification:_identify(build) by extensions ['ignore', 'ignore_ament_install']
[1.235s] Level 1:colcon.colcon_core.package_identification:_identify(build) by extension 'ignore'
[1.236s] Level 1:colcon.colcon_core.package_identification:_identify(build) ignored
[1.236s] Level 1:colcon.colcon_core.package_identification:_identify(install) by extensions ['ignore', 'ignore_ament_install']
[1.236s] Level 1:colcon.colcon_core.package_identification:_identify(install) by extension 'ignore'
[1.236s] Level 1:colcon.colcon_core.package_identification:_identify(install) ignored
[1.236s] Level 1:colcon.colcon_core.package_identification:_identify(log) by extensions ['ignore', 'ignore_ament_install']
[1.236s] Level 1:colcon.colcon_core.package_identification:_identify(log) by extension 'ignore'
[1.237s] Level 1:colcon.colcon_core.package_identification:_identify(log) ignored
[1.237s] Level 1:colcon.colcon_core.package_identification:_identify(src) by extensions ['ignore', 'ignore_ament_install']
[1.237s] Level 1:colcon.colcon_core.package_identification:_identify(src) by extension 'ignore'
[1.237s] Level 1:colcon.colcon_core.package_identification:_identify(src) by extension 'ignore_ament_install'
[1.237s] Level 1:colcon.colcon_core.package_identification:_identify(src) by extensions ['colcon_pkg']
[1.237s] Level 1:colcon.colcon_core.package_identification:_identify(src) by extension 'colcon_pkg'
[1.238s] Level 1:colcon.colcon_core.package_identification:_identify(src) by extensions ['colcon_meta']
[1.238s] Level 1:colcon.colcon_core.package_identification:_identify(src) by extension 'colcon_meta'
[1.238s] Level 1:colcon.colcon_core.package_identification:_identify(src) by extensions ['ros']
[1.238s] Level 1:colcon.colcon_core.package_identification:_identify(src) by extension 'ros'
[1.238s] Level 1:colcon.colcon_core.package_identification:_identify(src) by extensions ['cmake', 'python']
[1.238s] Level 1:colcon.colcon_core.package_identification:_identify(src) by extension 'cmake'
[1.238s] Level 1:colcon.colcon_core.package_identification:_identify(src) by extension 'python'
[1.238s] Level 1:colcon.colcon_core.package_identification:_identify(src) by extensions ['python_setup_py']
[1.238s] Level 1:colcon.colcon_core.package_identification:_identify(src) by extension 'python_setup_py'
[1.239s] Level 1:colcon.colcon_core.package_identification:_identify(src/lidar_robot) by extensions ['ignore', 'ignore_ament_install']
[1.239s] Level 1:colcon.colcon_core.package_identification:_identify(src/lidar_robot) by extension 'ignore'
[1.239s] Level 1:colcon.colcon_core.package_identification:_identify(src/lidar_robot) by extension 'ignore_ament_install'
[1.239s] Level 1:colcon.colcon_core.package_identification:_identify(src/lidar_robot) by extensions ['colcon_pkg']
[1.239s] Level 1:colcon.colcon_core.package_identification:_identify(src/lidar_robot) by extension 'colcon_pkg'
[1.239s] Level 1:colcon.colcon_core.package_identification:_identify(src/lidar_robot) by extensions ['colcon_meta']
[1.240s] Level 1:colcon.colcon_core.package_identification:_identify(src/lidar_robot) by extension 'colcon_meta'
[1.240s] Level 1:colcon.colcon_core.package_identification:_identify(src/lidar_robot) by extensions ['ros']
[1.240s] Level 1:colcon.colcon_core.package_identification:_identify(src/lidar_robot) by extension 'ros'
[1.246s] DEBUG:colcon.colcon_core.package_identification:Package 'src/lidar_robot' with type 'ros.ament_cmake' and name 'lidar_robot'
[1.246s] Level 1:colcon.colcon_core.package_discovery:discover_packages(recursive) using defaults
[1.246s] Level 1:colcon.colcon_core.package_discovery:discover_packages(ignore) discover
[1.246s] Level 1:colcon.colcon_core.package_discovery:discover_packages(ignore) using defaults
[1.246s] Level 1:colcon.colcon_core.package_discovery:discover_packages(path) discover
[1.246s] Level 1:colcon.colcon_core.package_discovery:discover_packages(path) using defaults
[1.308s] Level 1:colcon.colcon_core.package_discovery:discover_packages(prefix_path) check parameters
[1.308s] Level 1:colcon.colcon_core.package_discovery:discover_packages(prefix_path) discover
[1.316s] DEBUG:colcon.colcon_installed_package_information.package_discovery:Found 281 installed packages in /opt/ros/humble
[1.318s] Level 1:colcon.colcon_core.package_discovery:discover_packages(prefix_path) using defaults
[1.374s] Level 5:colcon.colcon_core.verb:set package 'lidar_robot' build argument 'cmake_args' from command line to 'None'
[1.374s] Level 5:colcon.colcon_core.verb:set package 'lidar_robot' build argument 'cmake_target' from command line to 'None'
[1.374s] Level 5:colcon.colcon_core.verb:set package 'lidar_robot' build argument 'cmake_target_skip_unavailable' from command line to 'False'
[1.374s] Level 5:colcon.colcon_core.verb:set package 'lidar_robot' build argument 'cmake_clean_cache' from command line to 'False'
[1.374s] Level 5:colcon.colcon_core.verb:set package 'lidar_robot' build argument 'cmake_clean_first' from command line to 'False'
[1.375s] Level 5:colcon.colcon_core.verb:set package 'lidar_robot' build argument 'cmake_force_configure' from command line to 'False'
[1.375s] Level 5:colcon.colcon_core.verb:set package 'lidar_robot' build argument 'ament_cmake_args' from command line to 'None'
[1.375s] Level 5:colcon.colcon_core.verb:set package 'lidar_robot' build argument 'catkin_cmake_args' from command line to 'None'
[1.375s] Level 5:colcon.colcon_core.verb:set package 'lidar_robot' build argument 'catkin_skip_building_tests' from command line to 'False'
[1.375s] DEBUG:colcon.colcon_core.verb:Building package 'lidar_robot' with the following arguments: {'ament_cmake_args': None, 'build_base': '/home/feiniao/c3/build/lidar_robot', 'catkin_cmake_args': None, 'catkin_skip_building_tests': False, 'cmake_args': None, 'cmake_clean_cache': False, 'cmake_clean_first': False, 'cmake_force_configure': False, 'cmake_target': None, 'cmake_target_skip_unavailable': False, 'install_base': '/home/feiniao/c3/install/lidar_robot', 'merge_install': False, 'path': '/home/feiniao/c3/src/lidar_robot', 'symlink_install': False, 'test_result_base': None}
[1.375s] INFO:colcon.colcon_core.executor:Executing jobs using 'parallel' executor
[1.377s] DEBUG:colcon.colcon_parallel_executor.executor.parallel:run_until_complete
[1.378s] INFO:colcon.colcon_ros.task.ament_cmake.build:Building ROS package in '/home/feiniao/c3/src/lidar_robot' with build type 'ament_cmake'
[1.378s] INFO:colcon.colcon_cmake.task.cmake.build:Building CMake package in '/home/feiniao/c3/src/lidar_robot'
[1.389s] INFO:colcon.colcon_core.plugin_system:Skipping extension 'colcon_core.shell.bat': Not used on non-Windows systems
[1.390s] INFO:colcon.colcon_core.shell:Skip shell extension 'powershell' for command environment: Not usable outside of PowerShell
[1.390s] DEBUG:colcon.colcon_core.shell:Skip shell extension 'dsv' for command environment
[1.412s] DEBUG:colcon.colcon_core.event_handler.log_command:Invoking command in '/home/feiniao/c3/build/lidar_robot': CMAKE_PREFIX_PATH=/opt/ros/humble /usr/bin/cmake --build /home/feiniao/c3/build/lidar_robot -- -j32 -l32
[27.915s] DEBUG:colcon.colcon_core.event_handler.log_command:Invoked command in '/home/feiniao/c3/build/lidar_robot' returned '0': CMAKE_PREFIX_PATH=/opt/ros/humble /usr/bin/cmake --build /home/feiniao/c3/build/lidar_robot -- -j32 -l32
[27.929s] DEBUG:colcon.colcon_core.event_handler.log_command:Invoking command in '/home/feiniao/c3/build/lidar_robot': CMAKE_PREFIX_PATH=/opt/ros/humble /usr/bin/cmake --install /home/feiniao/c3/build/lidar_robot
[27.974s] Level 1:colcon.colcon_core.environment:create_environment_scripts_only(lidar_robot)
[27.976s] DEBUG:colcon.colcon_core.event_handler.log_command:Invoked command in '/home/feiniao/c3/build/lidar_robot' returned '0': CMAKE_PREFIX_PATH=/opt/ros/humble /usr/bin/cmake --install /home/feiniao/c3/build/lidar_robot
[27.989s] Level 1:colcon.colcon_core.environment:checking '/home/feiniao/c3/install/lidar_robot' for CMake module files
[27.990s] Level 1:colcon.colcon_core.environment:checking '/home/feiniao/c3/install/lidar_robot' for CMake config files
[27.991s] Level 1:colcon.colcon_core.shell:create_environment_hook('lidar_robot', 'cmake_prefix_path')
[27.991s] INFO:colcon.colcon_core.shell:Creating environment hook '/home/feiniao/c3/install/lidar_robot/share/lidar_robot/hook/cmake_prefix_path.ps1'
[27.994s] INFO:colcon.colcon_core.shell:Creating environment descriptor '/home/feiniao/c3/install/lidar_robot/share/lidar_robot/hook/cmake_prefix_path.dsv'
[27.995s] INFO:colcon.colcon_core.shell:Creating environment hook '/home/feiniao/c3/install/lidar_robot/share/lidar_robot/hook/cmake_prefix_path.sh'
[27.997s] Level 1:colcon.colcon_core.environment:checking '/home/feiniao/c3/install/lidar_robot/lib'
[27.997s] Level 1:colcon.colcon_core.environment:checking '/home/feiniao/c3/install/lidar_robot/bin'
[27.998s] Level 1:colcon.colcon_core.environment:checking '/home/feiniao/c3/install/lidar_robot/lib/pkgconfig/lidar_robot.pc'
[27.998s] Level 1:colcon.colcon_core.environment:checking '/home/feiniao/c3/install/lidar_robot/lib/python3.10/site-packages'
[27.999s] Level 1:colcon.colcon_core.environment:checking '/home/feiniao/c3/install/lidar_robot/bin'
[27.999s] INFO:colcon.colcon_core.shell:Creating package script '/home/feiniao/c3/install/lidar_robot/share/lidar_robot/package.ps1'
[28.001s] INFO:colcon.colcon_core.shell:Creating package descriptor '/home/feiniao/c3/install/lidar_robot/share/lidar_robot/package.dsv'
[28.003s] INFO:colcon.colcon_core.shell:Creating package script '/home/feiniao/c3/install/lidar_robot/share/lidar_robot/package.sh'
[28.004s] INFO:colcon.colcon_core.shell:Creating package script '/home/feiniao/c3/install/lidar_robot/share/lidar_robot/package.bash'
[28.006s] INFO:colcon.colcon_core.shell:Creating package script '/home/feiniao/c3/install/lidar_robot/share/lidar_robot/package.zsh'
[28.008s] Level 1:colcon.colcon_core.environment:create_file_with_runtime_dependencies(/home/feiniao/c3/install/lidar_robot/share/colcon-core/packages/lidar_robot)
[28.010s] Level 1:colcon.colcon_core.environment:create_environment_scripts_only(lidar_robot)
[28.010s] Level 1:colcon.colcon_core.environment:checking '/home/feiniao/c3/install/lidar_robot' for CMake module files
[28.011s] Level 1:colcon.colcon_core.environment:checking '/home/feiniao/c3/install/lidar_robot' for CMake config files
[28.012s] Level 1:colcon.colcon_core.shell:create_environment_hook('lidar_robot', 'cmake_prefix_path')
[28.012s] INFO:colcon.colcon_core.shell:Creating environment hook '/home/feiniao/c3/install/lidar_robot/share/lidar_robot/hook/cmake_prefix_path.ps1'
[28.013s] INFO:colcon.colcon_core.shell:Creating environment descriptor '/home/feiniao/c3/install/lidar_robot/share/lidar_robot/hook/cmake_prefix_path.dsv'
[28.014s] INFO:colcon.colcon_core.shell:Creating environment hook '/home/feiniao/c3/install/lidar_robot/share/lidar_robot/hook/cmake_prefix_path.sh'
[28.014s] Level 1:colcon.colcon_core.environment:checking '/home/feiniao/c3/install/lidar_robot/lib'
[28.015s] Level 1:colcon.colcon_core.environment:checking '/home/feiniao/c3/install/lidar_robot/bin'
[28.015s] Level 1:colcon.colcon_core.environment:checking '/home/feiniao/c3/install/lidar_robot/lib/pkgconfig/lidar_robot.pc'
[28.015s] Level 1:colcon.colcon_core.environment:checking '/home/feiniao/c3/install/lidar_robot/lib/python3.10/site-packages'
[28.016s] Level 1:colcon.colcon_core.environment:checking '/home/feiniao/c3/install/lidar_robot/bin'
[28.016s] INFO:colcon.colcon_core.shell:Creating package script '/home/feiniao/c3/install/lidar_robot/share/lidar_robot/package.ps1'
[28.017s] INFO:colcon.colcon_core.shell:Creating package descriptor '/home/feiniao/c3/install/lidar_robot/share/lidar_robot/package.dsv'
[28.018s] INFO:colcon.colcon_core.shell:Creating package script '/home/feiniao/c3/install/lidar_robot/share/lidar_robot/package.sh'
[28.019s] INFO:colcon.colcon_core.shell:Creating package script '/home/feiniao/c3/install/lidar_robot/share/lidar_robot/package.bash'
[28.020s] INFO:colcon.colcon_core.shell:Creating package script '/home/feiniao/c3/install/lidar_robot/share/lidar_robot/package.zsh'
[28.020s] Level 1:colcon.colcon_core.environment:create_file_with_runtime_dependencies(/home/feiniao/c3/install/lidar_robot/share/colcon-core/packages/lidar_robot)
[28.021s] DEBUG:colcon.colcon_parallel_executor.executor.parallel:closing loop
[28.022s] DEBUG:colcon.colcon_parallel_executor.executor.parallel:loop closed
[28.022s] DEBUG:colcon.colcon_parallel_executor.executor.parallel:run_until_complete finished with '0'
[28.022s] DEBUG:colcon.colcon_core.event_reactor:joining thread
[28.043s] INFO:colcon.colcon_core.plugin_system:Skipping extension 'colcon_notification.desktop_notification.terminal_notifier': Not used on non-Darwin systems
[28.043s] INFO:colcon.colcon_core.plugin_system:Skipping extension 'colcon_notification.desktop_notification.win32': Not used on non-Windows systems
[28.043s] INFO:colcon.colcon_notification.desktop_notification:Sending desktop notification using 'notify2'
[28.586s] DEBUG:colcon.colcon_core.event_reactor:joined thread
[28.586s] INFO:colcon.colcon_core.shell:Creating prefix script '/home/feiniao/c3/install/local_setup.ps1'
[28.588s] INFO:colcon.colcon_core.shell:Creating prefix util module '/home/feiniao/c3/install/_local_setup_util_ps1.py'
[28.591s] INFO:colcon.colcon_core.shell:Creating prefix chain script '/home/feiniao/c3/install/setup.ps1'
[28.593s] INFO:colcon.colcon_core.shell:Creating prefix script '/home/feiniao/c3/install/local_setup.sh'
[28.594s] INFO:colcon.colcon_core.shell:Creating prefix util module '/home/feiniao/c3/install/_local_setup_util_sh.py'
[28.595s] INFO:colcon.colcon_core.shell:Creating prefix chain script '/home/feiniao/c3/install/setup.sh'
[28.597s] INFO:colcon.colcon_core.shell:Creating prefix script '/home/feiniao/c3/install/local_setup.bash'
[28.598s] INFO:colcon.colcon_core.shell:Creating prefix chain script '/home/feiniao/c3/install/setup.bash'
[28.600s] INFO:colcon.colcon_core.shell:Creating prefix script '/home/feiniao/c3/install/local_setup.zsh'
[28.602s] INFO:colcon.colcon_core.shell:Creating prefix chain script '/home/feiniao/c3/install/setup.zsh'
